#
# There is insufficient memory for the Java Runtime Environment to continue.
# Native memory allocation (mmap) failed to map 130023424 bytes. Error detail: G1 virtual space
# Possible reasons:
#   The system is out of physical RAM or swap space
#   This process is running with CompressedOops enabled, and the Java Heap may be blocking the growth of the native heap
# Possible solutions:
#   Reduce memory load on the system
#   Increase physical memory or swap space
#   Check if swap backing store is full
#   Decrease Java heap size (-Xmx/-Xms)
#   Decrease number of Java threads
#   Decrease Java thread stack sizes (-Xss)
#   Set larger code cache with -XX:ReservedCodeCacheSize=
#   JVM is running with Unscaled Compressed Oops mode in which the Java heap is
#     placed in the first 4GB address space. The Java Heap base address is the
#     maximum limit for the native heap growth. Please use -XX:HeapBaseMinAddress
#     to set the Java Heap base and to place the Java Heap above 4GB virtual address.
# This output file may be truncated or incomplete.
#
#  Out of Memory Error (os_windows.cpp:3815), pid=14476, tid=8812
#
# JRE version:  (21.0.3+13) (build )
# Java VM: OpenJDK 64-Bit Server VM (21.0.3+13-b509.11, mixed mode, sharing, tiered, compressed oops, compressed class ptrs, g1 gc, windows-amd64)
# No core dump will be written. Minidumps are not enabled by default on client versions of Windows
#

---------------  S U M M A R Y ------------

Command Line: git4idea.http.GitAskPassApp Username for 'https://github.com': 

Host: Intel(R) Core(TM) i5-4210U CPU @ 1.70GHz, 4 cores, 7G,  Windows 10 , 64 bit Build 19041 (10.0.19041.5915)
Time: Fri Jul  4 14:02:31 2025 Suomen kesäaika elapsed time: 0.026804 seconds (0d 0h 0m 0s)

---------------  T H R E A D  ---------------

Current thread (0x000002c456a81e70):  JavaThread "Unknown thread" [_thread_in_vm, id=8812, stack(0x000000fd9c800000,0x000000fd9c900000) (1024K)]

Stack: [0x000000fd9c800000,0x000000fd9c900000]
Native frames: (J=compiled Java code, j=interpreted, Vv=VM code, C=native code)
V  [jvm.dll+0x6e02f9]
V  [jvm.dll+0x8bd383]
V  [jvm.dll+0x8bf8de]
V  [jvm.dll+0x8bffc3]
V  [jvm.dll+0x2879c6]
V  [jvm.dll+0x6dcac5]
V  [jvm.dll+0x6d0f9a]
V  [jvm.dll+0x35f9bb]
V  [jvm.dll+0x367566]
V  [jvm.dll+0x3b8b56]
V  [jvm.dll+0x3b8e28]
V  [jvm.dll+0x33217c]
V  [jvm.dll+0x332e6b]
V  [jvm.dll+0x8845e9]
V  [jvm.dll+0x3c5f38]
V  [jvm.dll+0x86d80d]
V  [jvm.dll+0x45ab9e]
V  [jvm.dll+0x45c771]
C  [jli.dll+0x52ab]
C  [ucrtbase.dll+0x21bb2]
C  [KERNEL32.DLL+0x17374]
C  [ntdll.dll+0x4cc91]


---------------  P R O C E S S  ---------------

Threads class SMR info:
_java_thread_list=0x00007ff9e860d108, length=0, elements={
}

Java Threads: ( => current thread )
Total: 0

Other Threads:
  0x000002c458b7f240 WorkerThread "GC Thread#0"                     [id=17156, stack(0x000000fd9c900000,0x000000fd9ca00000) (1024K)]
  0x000002c458b90a20 ConcurrentGCThread "G1 Main Marker"            [id=16324, stack(0x000000fd9ca00000,0x000000fd9cb00000) (1024K)]
  0x000002c458b91cc0 WorkerThread "G1 Conc#0"                       [id=17840, stack(0x000000fd9cb00000,0x000000fd9cc00000) (1024K)]

[error occurred during error reporting (printing all threads), id 0xc0000005, EXCEPTION_ACCESS_VIOLATION (0xc0000005) at pc=0x00007ff9e7d052d7]
VM state: not at safepoint (not fully initialized)

VM Mutex/Monitor currently owned by a thread:  ([mutex/lock_event])
[0x00007ff9e8681858] Heap_lock - owner thread: 0x000002c456a81e70

Heap address: 0x0000000084e00000, size: 1970 MB, Compressed Oops mode: 32-bit

CDS archive(s) mapped at: [0x0000000000000000-0x0000000000000000-0x0000000000000000), size 0, SharedBaseAddress: 0x0000000800000000, ArchiveRelocationMode: 1.
Narrow klass base: 0x0000000000000000, Narrow klass shift: 0, Narrow klass range: 0x0

GC Precious Log:
 CardTable entry size: 512
 Card Set container configuration: InlinePtr #cards 5 size 8 Array Of Cards #cards 12 size 40 Howl #buckets 4 coarsen threshold 1843 Howl Bitmap #cards 512 size 80 coarsen threshold 460 Card regions per heap region 1 cards per card region 2048

Heap:
 garbage-first heap   total 0K, used 0K [0x0000000084e00000, 0x0000000100000000)
  region size 1024K, 0 young (0K), 0 survivors (0K)
 Metaspace       used 0K, committed 0K, reserved 0K
  class space    used 0K, committed 0K, reserved 0K

Heap Regions: E=young(eden), S=young(survivor), O=old, HS=humongous(starts), HC=humongous(continues), CS=collection set, F=free, TAMS=top-at-mark-start, PB=parsable bottom

Card table byte_map: [0x000002c46be30000,0x000002c46c210000] _byte_map_base: 0x000002c46ba09000

Marking Bits: (CMBitMap*) 0x000002c458b7f940
 Bits: [0x000002c46c210000, 0x000002c46e0d8000)

GC Heap History (0 events):
No events

Dll operation events (1 events):
Event: 0.016 Loaded shared library C:\Program Files\JetBrains\IntelliJ IDEA Community Edition 2024.2.1\jbr\bin\java.dll

Deoptimization events (0 events):
No events

Classes loaded (0 events):
No events

Classes unloaded (0 events):
No events

Classes redefined (0 events):
No events

Internal exceptions (0 events):
No events

ZGC Phase Switch (0 events):
No events

VM Operations (0 events):
No events

Events (0 events):
No events


Dynamic libraries:
0x00007ff7772c0000 - 0x00007ff7772ca000 	C:\Program Files\JetBrains\IntelliJ IDEA Community Edition 2024.2.1\jbr\bin\java.exe
0x00007ffa7f190000 - 0x00007ffa7f388000 	C:\WINDOWS\SYSTEM32\ntdll.dll
0x00007ffa7ece0000 - 0x00007ffa7eda2000 	C:\WINDOWS\System32\KERNEL32.DLL
0x00007ffa7cba0000 - 0x00007ffa7ce96000 	C:\WINDOWS\System32\KERNELBASE.dll
0x00007ffa7c9d0000 - 0x00007ffa7cad0000 	C:\WINDOWS\System32\ucrtbase.dll
0x00007ffa75290000 - 0x00007ffa752ab000 	C:\Program Files\JetBrains\IntelliJ IDEA Community Edition 2024.2.1\jbr\bin\VCRUNTIME140.dll
0x00007ffa63b30000 - 0x00007ffa63b48000 	C:\Program Files\JetBrains\IntelliJ IDEA Community Edition 2024.2.1\jbr\bin\jli.dll
0x00007ffa7e340000 - 0x00007ffa7e4dd000 	C:\WINDOWS\System32\USER32.dll
0x00007ffa7c9a0000 - 0x00007ffa7c9c2000 	C:\WINDOWS\System32\win32u.dll
0x00007ffa7eff0000 - 0x00007ffa7f01b000 	C:\WINDOWS\System32\GDI32.dll
0x00007ffa7abd0000 - 0x00007ffa7ae6a000 	C:\WINDOWS\WinSxS\amd64_microsoft.windows.common-controls_6595b64144ccf1df_6.0.19041.5915_none_60b4b9d171f9c7c7\COMCTL32.dll
0x00007ffa7cf30000 - 0x00007ffa7d049000 	C:\WINDOWS\System32\gdi32full.dll
0x00007ffa7e1f0000 - 0x00007ffa7e28e000 	C:\WINDOWS\System32\msvcrt.dll
0x00007ffa7cb00000 - 0x00007ffa7cb9d000 	C:\WINDOWS\System32\msvcp_win.dll
0x00007ffa7eb70000 - 0x00007ffa7eb9f000 	C:\WINDOWS\System32\IMM32.DLL
0x00007ffa74c00000 - 0x00007ffa74c0c000 	C:\Program Files\JetBrains\IntelliJ IDEA Community Edition 2024.2.1\jbr\bin\vcruntime140_1.dll
0x00007ffa38250000 - 0x00007ffa382dd000 	C:\Program Files\JetBrains\IntelliJ IDEA Community Edition 2024.2.1\jbr\bin\msvcp140.dll
0x00007ff9e79c0000 - 0x00007ff9e8772000 	C:\Program Files\JetBrains\IntelliJ IDEA Community Edition 2024.2.1\jbr\bin\server\jvm.dll
0x00007ffa7e960000 - 0x00007ffa7ea11000 	C:\WINDOWS\System32\ADVAPI32.dll
0x00007ffa7e850000 - 0x00007ffa7e8ef000 	C:\WINDOWS\System32\sechost.dll
0x00007ffa7edb0000 - 0x00007ffa7eed3000 	C:\WINDOWS\System32\RPCRT4.dll
0x00007ffa7cad0000 - 0x00007ffa7caf7000 	C:\WINDOWS\System32\bcrypt.dll
0x00007ffa7e8f0000 - 0x00007ffa7e95b000 	C:\WINDOWS\System32\WS2_32.dll
0x00007ffa7bd70000 - 0x00007ffa7bdbb000 	C:\WINDOWS\SYSTEM32\POWRPROF.dll
0x00007ffa6ba90000 - 0x00007ffa6bab7000 	C:\WINDOWS\SYSTEM32\WINMM.dll
0x00007ffa6bd90000 - 0x00007ffa6bd9a000 	C:\WINDOWS\SYSTEM32\VERSION.dll
0x00007ffa7bbe0000 - 0x00007ffa7bbf2000 	C:\WINDOWS\SYSTEM32\UMPDC.dll
0x00007ffa7b000000 - 0x00007ffa7b012000 	C:\WINDOWS\SYSTEM32\kernel.appcore.dll
0x00007ffa74bf0000 - 0x00007ffa74bfa000 	C:\Program Files\JetBrains\IntelliJ IDEA Community Edition 2024.2.1\jbr\bin\jimage.dll
0x00007ffa78d90000 - 0x00007ffa78f91000 	C:\WINDOWS\SYSTEM32\DBGHELP.DLL
0x00007ffa54920000 - 0x00007ffa54954000 	C:\WINDOWS\SYSTEM32\dbgcore.DLL
0x00007ffa7cea0000 - 0x00007ffa7cf22000 	C:\WINDOWS\System32\bcryptPrimitives.dll
0x00007ffa74bd0000 - 0x00007ffa74bef000 	C:\Program Files\JetBrains\IntelliJ IDEA Community Edition 2024.2.1\jbr\bin\java.dll

dbghelp: loaded successfully - version: 4.0.5 - missing functions: none
symbol engine: initialized successfully - sym options: 0x614 - pdb path: .;C:\Program Files\JetBrains\IntelliJ IDEA Community Edition 2024.2.1\jbr\bin;C:\WINDOWS\SYSTEM32;C:\WINDOWS\WinSxS\amd64_microsoft.windows.common-controls_6595b64144ccf1df_6.0.19041.5915_none_60b4b9d171f9c7c7;C:\Program Files\JetBrains\IntelliJ IDEA Community Edition 2024.2.1\jbr\bin\server

VM Arguments:
java_command: git4idea.http.GitAskPassApp Username for 'https://github.com': 
java_class_path (initial): C:/Program Files/JetBrains/IntelliJ IDEA Community Edition 2024.2.1/plugins/vcs-git/lib/git4idea-rt.jar;C:/Program Files/JetBrains/IntelliJ IDEA Community Edition 2024.2.1/lib/externalProcess-rt.jar
Launcher Type: SUN_STANDARD

[Global flags]
     intx CICompilerCount                          = 3                                         {product} {ergonomic}
     uint ConcGCThreads                            = 1                                         {product} {ergonomic}
     uint G1ConcRefinementThreads                  = 4                                         {product} {ergonomic}
   size_t G1HeapRegionSize                         = 1048576                                   {product} {ergonomic}
    uintx GCDrainStackTargetSize                   = 64                                        {product} {ergonomic}
   size_t InitialHeapSize                          = 130023424                                 {product} {ergonomic}
   size_t MarkStackSize                            = 4194304                                   {product} {ergonomic}
   size_t MaxHeapSize                              = 2065694720                                {product} {ergonomic}
   size_t MinHeapDeltaBytes                        = 1048576                                   {product} {ergonomic}
   size_t MinHeapSize                              = 8388608                                   {product} {ergonomic}
    uintx NonNMethodCodeHeapSize                   = 5832780                                {pd product} {ergonomic}
    uintx NonProfiledCodeHeapSize                  = 122912730                              {pd product} {ergonomic}
    uintx ProfiledCodeHeapSize                     = 122912730                              {pd product} {ergonomic}
    uintx ReservedCodeCacheSize                    = 251658240                              {pd product} {ergonomic}
     bool SegmentedCodeCache                       = true                                      {product} {ergonomic}
   size_t SoftMaxHeapSize                          = 2065694720                             {manageable} {ergonomic}
     bool UseCompressedOops                        = true                           {product lp64_product} {ergonomic}
     bool UseG1GC                                  = true                                      {product} {ergonomic}
     bool UseLargePagesIndividualAllocation        = false                                  {pd product} {ergonomic}

Logging:
Log output configuration:
 #0: stdout all=warning uptime,level,tags foldmultilines=false
 #1: stderr all=off uptime,level,tags foldmultilines=false

Environment Variables:
JAVA_HOME=C:\Users\Omistaja\AppData\Local\Coursier\cache\arc\https\github.com\adoptium\temurin11-binaries\releases\download\jdk-11.0.24%252B8\OpenJDK11U-jdk_x64_windows_hotspot_11.0.24_8.zip\jdk-11.0.24+8
PATH=C:\Program Files\Git\mingw64\libexec\git-core;C:\Program Files\Git\mingw64\libexec\git-core;C:\Program Files\Git\mingw64\bin;C:\Program Files\Git\usr\bin;C:\Users\Omistaja\bin;C:\WATCOM\BINNT;C:\WATCOM\BINW;C:\WINDOWS\system32;C:\WINDOWS;C:\WINDOWS\System32\Wbem;C:\WINDOWS\System32\WindowsPowerShell\v1.0;C:\WINDOWS\System32\OpenSSH;C:\Program Files\Intel\WiFi\bin;C:\Program Files\Common Files\Intel\WirelessCommon;C:\Program Files (x86)\Windows Kits\10\Windows Performance Toolkit;C:\Program Files\dotnet;C:\Program Files\Git\cmd;C:\Users\Omistaja\AppData\Local\Programs\Python\Python310\Scripts;C:\Users\Omistaja\AppData\Local\Programs\Python\Python310;C:\Users\Omistaja\AppData\Local\Microsoft\WindowsApps;C:\Program Files\Intel\WiFi\bin;C:\Program Files\Common Files\Intel\WirelessCommon;C:\Users\Omistaja\AppData\Local\atom\bin;C:\Users\Omistaja\AppData\Local\Microsoft\WindowsApps;C:\Users\Omistaja\AppData\Local\Programs\Microsoft VS Code\bin;C:\Users\Omistaja\.dotnet\tools;C:\Users\Omistaja\AppData\Local\Coursier\cache\arc\https\github.com\adoptium\temurin11-binaries\releases\download\jdk-11.0.24%252B8\OpenJDK11U-jdk_x64_windows_hotspot_11.0.24_8.zip\jdk-11.0.24+8\bin;C:\Users\Omistaja\AppData\Local\Coursier\data\bin
USERNAME=Omistaja
DISPLAY=:0.0
LC_ALL=en_US.UTF-8
TERM=xterm-256color
TMPDIR=C:\Users\Omistaja\AppData\Local\Temp
OS=Windows_NT
PROCESSOR_IDENTIFIER=Intel64 Family 6 Model 69 Stepping 1, GenuineIntel
TMP=C:\Users\Omistaja\AppData\Local\Temp
TEMP=C:\Users\Omistaja\AppData\Local\Temp




Periodic native trim disabled

JNI global refs:
JNI global refs: 0, weak refs: 0

JNI global refs memory usage: 0, weak refs: 0

Process memory usage:
Resident Set Size: 10764K (0% of 8068776K total physical memory with 477884K free physical memory)

OOME stack traces (most recent first):
Classloader memory used:

---------------  S Y S T E M  ---------------

OS:
 Windows 10 , 64 bit Build 19041 (10.0.19041.5915)
OS uptime: 0 days 4:19 hours
Hyper-V role detected

CPU: total 4 (initial active 4) (2 cores per cpu, 2 threads per core) family 6 model 69 stepping 1 microcode 0x25, cx8, cmov, fxsr, ht, mmx, sse, sse2, sse3, ssse3, sse4.1, sse4.2, popcnt, lzcnt, tsc, tscinvbit, avx, avx2, aes, erms, clmul, bmi1, bmi2, fma, vzeroupper, clflush, hv, rdtscp, f16c
Processor Information for all 4 processors :
  Max Mhz: 2394, Current Mhz: 1695, Mhz Limit: 1675

Memory: 4k page, system-wide physical 7879M (466M free)
TotalPageFile size 12375M (AvailPageFile size 66M)
current process WorkingSet (physical memory assigned to process): 10M, peak: 10M
current process commit charge ("private bytes"): 51M, peak: 175M

vm_info: OpenJDK 64-Bit Server VM (21.0.3+13-b509.11) for windows-amd64 JRE (21.0.3+13-b509.11), built on 2024-08-12 by "builduser" with MS VC++ 16.10 / 16.11 (VS2019)

END.
