[debug] > Exec(early(addDefaultCommands), None, None)
[debug] > Exec(addDefaultCommands, None, None)
[debug] > Exec(early(initialize), None, None)
[debug] > Exec(initialize, None, None)
[debug] > Exec(early(addPluginSbtFile="""C:\Users\Omistaja\AppData\Local\Temp\idea.sbt"""), None, None)
[debug] > Exec(addPluginSbtFile="""C:\Users\Omistaja\AppData\Local\Temp\idea.sbt""", None, None)
[debug] > Exec(boot, None, None)
[debug] > Exec(writeSbtVersion, None, None)
[debug] > Exec(reload, None, None)
[debug] > Exec(sbtStashOnFailure, None, None)
[debug] > Exec(onFailure loadFailed, None, None)
[debug] > Exec(loadp, None, None)
[info] welcome to sbt 1.10.7 (Amazon.com Inc. Java 17.0.14)
[debug] Load.defaultLoad until apply took 310.6333ms
[debug]           Load.loadUnit: plugins took 321.7905ms
[debug]           Load.loadUnit: defsScala took 0.5505ms
[debug] [Loading] Scanning directory C:\Users\Omistaja\Documents\_OPINNOT\Ohjelmointi\OStudio 1\Breaker\project
[debug]             Load.loadUnit: mkEval took 12.12ms
[debug] [Loading] Found non-root projects 
[debug] [Loading] Done in C:\Users\Omistaja\Documents\_OPINNOT\Ohjelmointi\OStudio 1\Breaker\project, returning: ()
[debug] deducing auto plugins based on known facts Set(Atom(sbt.plugins.CorePlugin)) and clauses Clauses(Clause(Atom(sbt.plugins.JvmPlugin),Set(Atom(sbt.plugins.IvyPlugin)))
[debug] Clause(Atom(sbt.ScriptedPlugin),Set(Atom(sbt.plugins.JvmPlugin)))
[debug] Clause(Atom(sbt.plugins.SbtPlugin),Set(Atom(sbt.ScriptedPlugin)))
[debug] Clause(Atom(sbt.plugins.SemanticdbPlugin),Set(Atom(sbt.plugins.JvmPlugin)))
[debug] Clause(Atom(sbt.plugins.JUnitXmlReportPlugin),Set(Atom(sbt.plugins.JvmPlugin)))
[debug] Clause(Atom(sbt.plugins.MiniDependencyTreePlugin),Set(Atom(sbt.plugins.JvmPlugin)))
[debug] Clause(Atom(sbt.plugins.CorePlugin),Set(Atom(sbt.plugins.IvyPlugin)))
[debug] Clause(Atom(sbt.plugins.IvyPlugin),Set(Atom(sbt.plugins.JvmPlugin)))
[debug] Clause(Atom(sbt.plugins.JvmPlugin),Set(Atom(sbt.plugins.SemanticdbPlugin)))
[debug] Clause(Atom(sbt.plugins.JvmPlugin),Set(Atom(sbt.plugins.JUnitXmlReportPlugin)))
[debug] Clause(Atom(sbt.plugins.CorePlugin),Set(Atom(sbt.plugins.Giter8TemplatePlugin)))
[debug] Clause(Atom(sbt.plugins.JvmPlugin),Set(Atom(sbt.plugins.MiniDependencyTreePlugin))))
[debug]   :: deduced result: Matched(sbt.plugins.CorePlugin,sbt.plugins.Giter8TemplatePlugin,sbt.plugins.IvyPlugin,sbt.plugins.JvmPlugin,sbt.plugins.MiniDependencyTreePlugin,sbt.plugins.JUnitXmlReportPlugin,sbt.plugins.SemanticdbPlugin)
[debug] Plugins.deducer#function took 29.8051 ms
[info] loading settings for project breaker-build from idea.sbt...
[debug]               Load.resolveProject(breaker-build) took 86.9713ms
[debug]             Load.loadTransitive: finalizeProject(Project(id breaker-build, base: C:\Users\Omistaja\Documents\_OPINNOT\Ohjelmointi\OStudio 1\Breaker\project, plugins: List(<none>))) took 158.0167ms
[debug] [Loading] Done in C:\Users\Omistaja\Documents\_OPINNOT\Ohjelmointi\OStudio 1\Breaker\project, returning: (breaker-build)
[debug]           Load.loadUnit: loadedProjectsRaw took 870.5871ms
[debug]           Load.loadUnit: cleanEvalClasses took 63.3807ms
[debug]         Load.loadUnit(file:/C:/Users/Omistaja/Documents/_OPINNOT/Ohjelmointi/OStudio%201/Breaker/project/, ...) took 1275.6481ms
[debug]       Load.apply: load took 1716.6142ms
[debug]       Load.apply: resolveProjects took 11.9314ms
[debug]       Load.apply: finalTransforms took 147.1736ms
[debug]       Load.apply: config.delegates took 16.7688ms
[debug]       Load.apply: Def.make(settings)... took 1863.8148ms
[debug]       Load.apply: structureIndex took 461.7908ms
[debug]       Load.apply: mkStreams took 2.7103ms
[info] loading project definition from C:\Users\Omistaja\Documents\_OPINNOT\Ohjelmointi\OStudio 1\Breaker\project
[debug] Running task... Cancel: Signal, check cycles: false, forcegc: true
[debug]     Load.loadUnit: plugins took 10272.8794ms
[debug]     Load.loadUnit: defsScala took 0.0061ms
[debug] [Loading] Scanning directory C:\Users\Omistaja\Documents\_OPINNOT\Ohjelmointi\OStudio 1\Breaker
[debug]       Load.loadUnit: mkEval took 1.4818ms
[debug] [Loading] Found root project root w/ remaining 
[debug] deducing auto plugins based on known facts Set(Atom(sbt.plugins.CorePlugin)) and clauses Clauses(Clause(Atom(sbt.plugins.JvmPlugin),Set(Atom(sbt.plugins.IvyPlugin)))
[debug] Clause(Atom(sbt.ScriptedPlugin),Set(Atom(sbt.plugins.JvmPlugin)))
[debug] Clause(Atom(sbt.plugins.SbtPlugin),Set(Atom(sbt.ScriptedPlugin)))
[debug] Clause(Atom(sbt.plugins.SemanticdbPlugin),Set(Atom(sbt.plugins.JvmPlugin)))
[debug] Clause(Atom(sbt.plugins.JUnitXmlReportPlugin),Set(Atom(sbt.plugins.JvmPlugin)))
[debug] Clause(Atom(sbt.plugins.MiniDependencyTreePlugin),Set(Atom(sbt.plugins.JvmPlugin)))
[debug] Clause(Atom(org.jetbrains.sbt.StructurePlugin),Set(Atom(sbt.plugins.JvmPlugin)))
[debug] Clause(Atom(org.jetbrains.sbt.IdeaShellPlugin),Set(Atom(sbt.plugins.JvmPlugin)))
[debug] Clause(Atom(sbt.plugins.CorePlugin),Set(Atom(sbt.plugins.IvyPlugin)))
[debug] Clause(Atom(sbt.plugins.IvyPlugin),Set(Atom(sbt.plugins.JvmPlugin)))
[debug] Clause(Atom(sbt.plugins.JvmPlugin),Set(Atom(sbt.plugins.SemanticdbPlugin)))
[debug] Clause(Atom(sbt.plugins.JvmPlugin),Set(Atom(sbt.plugins.JUnitXmlReportPlugin)))
[debug] Clause(Atom(sbt.plugins.CorePlugin),Set(Atom(sbt.plugins.Giter8TemplatePlugin)))
[debug] Clause(Atom(sbt.plugins.JvmPlugin),Set(Atom(sbt.plugins.MiniDependencyTreePlugin)))
[debug] Clause(Atom(sbt.plugins.JvmPlugin),Set(Atom(org.jetbrains.sbt.StructurePlugin)))
[debug] Clause(Atom(sbt.plugins.JvmPlugin),Set(Atom(org.jetbrains.sbt.IdeaShellPlugin))))
[debug]   :: deduced result: Matched(sbt.plugins.CorePlugin,sbt.plugins.Giter8TemplatePlugin,sbt.plugins.IvyPlugin,sbt.plugins.JvmPlugin,sbt.plugins.SemanticdbPlugin,sbt.plugins.JUnitXmlReportPlugin,org.jetbrains.sbt.IdeaShellPlugin,org.jetbrains.sbt.StructurePlugin,sbt.plugins.MiniDependencyTreePlugin)
[debug] Plugins.deducer#function took 4.797 ms
[info] loading settings for project root from build.sbt...
[debug]         Load.resolveProject(root) took 43.8336ms
[debug]       Load.loadTransitive: finalizeProject(Project(id root, base: C:\Users\Omistaja\Documents\_OPINNOT\Ohjelmointi\OStudio 1\Breaker, plugins: List(<none>))) took 51.4ms
[debug] [Loading] Done in C:\Users\Omistaja\Documents\_OPINNOT\Ohjelmointi\OStudio 1\Breaker, returning: (root)
[debug]     Load.loadUnit: loadedProjectsRaw took 9789.7301ms
[debug]     Load.loadUnit: cleanEvalClasses took 466.2904ms
[debug]   Load.loadUnit(file:/C:/Users/Omistaja/Documents/_OPINNOT/Ohjelmointi/OStudio%201/Breaker/, ...) took 20534.8197ms
[debug] Load.apply: load took 20598.7953ms
[debug] Load.apply: resolveProjects took 0.477ms
[debug] Load.apply: finalTransforms took 69.4606ms
[debug] Load.apply: config.delegates took 0.807ms
[debug] Load.apply: Def.make(settings)... took 187.2255ms
[debug] Load.apply: structureIndex took 59.4114ms
[debug] Load.apply: mkStreams took 0.0049ms
[info] set current project to Breaker (in build file:/C:/Users/Omistaja/Documents/_OPINNOT/Ohjelmointi/OStudio%201/Breaker/)
[debug] > Exec(sbtPopOnFailure, None, None)
[debug] > Exec(resumeFromFailure, None, None)
[debug] > Exec(notifyUsersAboutShell, None, None)
[debug] > Exec(iflast shell, None, None)
[debug] > Exec(idea-shell, None, None)
