[debug] > Exec(early(addDefaultCommands), None, None)
[debug] > Exec(addDefaultCommands, None, None)
[debug] > Exec(early(initialize), None, None)
[debug] > Exec(initialize, None, None)
[debug] > Exec(early(addPluginSbtFile="""C:\Users\Omistaja\AppData\Local\Temp\idea1.sbt"""), None, None)
[debug] > Exec(addPluginSbtFile="""C:\Users\Omistaja\AppData\Local\Temp\idea1.sbt""", None, None)
[debug] > Exec(boot, None, None)
[debug] > Exec(writeSbtVersion, None, None)
[debug] > Exec(reload, None, None)
[debug] > Exec(sbtStashOnFailure, None, None)
[debug] > Exec(onFailure loadFailed, None, None)
[debug] > Exec(loadp, None, None)
[info] welcome to sbt 1.10.7 (Amazon.com Inc. Java 17.0.14)
[debug] Load.defaultLoad until apply took 176.9238ms
[debug]           Load.loadUnit: plugins took 194.6917ms
[debug]           Load.loadUnit: defsScala took 0.6707ms
[debug] [Loading] Scanning directory C:\Users\Omistaja\Documents\_OPINNOT\Ohjelmointi\OStudio 1\Breaker\project
[debug]             Load.loadUnit: mkEval took 13.9343ms
[debug] [Loading] Found non-root projects 
[debug] [Loading] Done in C:\Users\Omistaja\Documents\_OPINNOT\Ohjelmointi\OStudio 1\Breaker\project, returning: ()
[debug] deducing auto plugins based on known facts Set(Atom(sbt.plugins.CorePlugin)) and clauses Clauses(Clause(Atom(sbt.plugins.JvmPlugin),Set(Atom(sbt.plugins.IvyPlugin)))
[debug] Clause(Atom(sbt.ScriptedPlugin),Set(Atom(sbt.plugins.JvmPlugin)))
[debug] Clause(Atom(sbt.plugins.SbtPlugin),Set(Atom(sbt.ScriptedPlugin)))
[debug] Clause(Atom(sbt.plugins.SemanticdbPlugin),Set(Atom(sbt.plugins.JvmPlugin)))
[debug] Clause(Atom(sbt.plugins.JUnitXmlReportPlugin),Set(Atom(sbt.plugins.JvmPlugin)))
[debug] Clause(Atom(sbt.plugins.MiniDependencyTreePlugin),Set(Atom(sbt.plugins.JvmPlugin)))
[debug] Clause(Atom(sbt.plugins.CorePlugin),Set(Atom(sbt.plugins.IvyPlugin)))
[debug] Clause(Atom(sbt.plugins.IvyPlugin),Set(Atom(sbt.plugins.JvmPlugin)))
[debug] Clause(Atom(sbt.plugins.JvmPlugin),Set(Atom(sbt.plugins.SemanticdbPlugin)))
[debug] Clause(Atom(sbt.plugins.JvmPlugin),Set(Atom(sbt.plugins.JUnitXmlReportPlugin)))
[debug] Clause(Atom(sbt.plugins.CorePlugin),Set(Atom(sbt.plugins.Giter8TemplatePlugin)))
[debug] Clause(Atom(sbt.plugins.JvmPlugin),Set(Atom(sbt.plugins.MiniDependencyTreePlugin))))
[debug]   :: deduced result: Matched(sbt.plugins.CorePlugin,sbt.plugins.Giter8TemplatePlugin,sbt.plugins.IvyPlugin,sbt.plugins.JvmPlugin,sbt.plugins.MiniDependencyTreePlugin,sbt.plugins.JUnitXmlReportPlugin,sbt.plugins.SemanticdbPlugin)
[debug] Plugins.deducer#function took 25.9585 ms
[info] loading settings for project breaker-build from idea1.sbt...
[debug]               Load.resolveProject(breaker-build) took 87.3919ms
[debug]             Load.loadTransitive: finalizeProject(Project(id breaker-build, base: C:\Users\Omistaja\Documents\_OPINNOT\Ohjelmointi\OStudio 1\Breaker\project, plugins: List(<none>))) took 145.72ms
[debug] [Loading] Done in C:\Users\Omistaja\Documents\_OPINNOT\Ohjelmointi\OStudio 1\Breaker\project, returning: (breaker-build)
[debug]           Load.loadUnit: loadedProjectsRaw took 665.9161ms
[debug]           Load.loadUnit: cleanEvalClasses took 31.9875ms
[debug]         Load.loadUnit(file:/C:/Users/Omistaja/Documents/_OPINNOT/Ohjelmointi/OStudio%201/Breaker/project/, ...) took 906.7855ms
[debug]       Load.apply: load took 1271.1576ms
[debug]       Load.apply: resolveProjects took 15.2467ms
[debug]       Load.apply: finalTransforms took 197.7823ms
[debug]       Load.apply: config.delegates took 23.9634ms
[debug]       Load.apply: Def.make(settings)... took 1142.67ms
[debug]       Load.apply: structureIndex took 255.3645ms
[debug]       Load.apply: mkStreams took 4.5684ms
[info] loading project definition from C:\Users\Omistaja\Documents\_OPINNOT\Ohjelmointi\OStudio 1\Breaker\project
[debug] Running task... Cancel: Signal, check cycles: false, forcegc: true
[debug]     Load.loadUnit: plugins took 5712.7853ms
[debug]     Load.loadUnit: defsScala took 0.01ms
[debug] [Loading] Scanning directory C:\Users\Omistaja\Documents\_OPINNOT\Ohjelmointi\OStudio 1\Breaker
[debug]       Load.loadUnit: mkEval took 0.8311ms
[debug] [Loading] Found root project root w/ remaining 
[debug] deducing auto plugins based on known facts Set(Atom(sbt.plugins.CorePlugin)) and clauses Clauses(Clause(Atom(sbt.plugins.JvmPlugin),Set(Atom(sbt.plugins.IvyPlugin)))
[debug] Clause(Atom(sbt.ScriptedPlugin),Set(Atom(sbt.plugins.JvmPlugin)))
[debug] Clause(Atom(sbt.plugins.SbtPlugin),Set(Atom(sbt.ScriptedPlugin)))
[debug] Clause(Atom(sbt.plugins.SemanticdbPlugin),Set(Atom(sbt.plugins.JvmPlugin)))
[debug] Clause(Atom(sbt.plugins.JUnitXmlReportPlugin),Set(Atom(sbt.plugins.JvmPlugin)))
[debug] Clause(Atom(sbt.plugins.MiniDependencyTreePlugin),Set(Atom(sbt.plugins.JvmPlugin)))
[debug] Clause(Atom(org.jetbrains.sbt.StructurePlugin),Set(Atom(sbt.plugins.JvmPlugin)))
[debug] Clause(Atom(org.jetbrains.sbt.IdeaShellPlugin),Set(Atom(sbt.plugins.JvmPlugin)))
[debug] Clause(Atom(sbt.plugins.CorePlugin),Set(Atom(sbt.plugins.IvyPlugin)))
[debug] Clause(Atom(sbt.plugins.IvyPlugin),Set(Atom(sbt.plugins.JvmPlugin)))
[debug] Clause(Atom(sbt.plugins.JvmPlugin),Set(Atom(sbt.plugins.SemanticdbPlugin)))
[debug] Clause(Atom(sbt.plugins.JvmPlugin),Set(Atom(sbt.plugins.JUnitXmlReportPlugin)))
[debug] Clause(Atom(sbt.plugins.CorePlugin),Set(Atom(sbt.plugins.Giter8TemplatePlugin)))
[debug] Clause(Atom(sbt.plugins.JvmPlugin),Set(Atom(sbt.plugins.MiniDependencyTreePlugin)))
[debug] Clause(Atom(sbt.plugins.JvmPlugin),Set(Atom(org.jetbrains.sbt.StructurePlugin)))
[debug] Clause(Atom(sbt.plugins.JvmPlugin),Set(Atom(org.jetbrains.sbt.IdeaShellPlugin))))
[debug]   :: deduced result: Matched(sbt.plugins.CorePlugin,sbt.plugins.Giter8TemplatePlugin,sbt.plugins.IvyPlugin,sbt.plugins.JvmPlugin,sbt.plugins.SemanticdbPlugin,sbt.plugins.JUnitXmlReportPlugin,org.jetbrains.sbt.IdeaShellPlugin,org.jetbrains.sbt.StructurePlugin,sbt.plugins.MiniDependencyTreePlugin)
[debug] Plugins.deducer#function took 3.3505 ms
[info] loading settings for project root from build.sbt...
[debug]         Load.resolveProject(root) took 45.5036ms
[debug]       Load.loadTransitive: finalizeProject(Project(id root, base: C:\Users\Omistaja\Documents\_OPINNOT\Ohjelmointi\OStudio 1\Breaker, plugins: List(<none>))) took 50.64ms
[debug] [Loading] Done in C:\Users\Omistaja\Documents\_OPINNOT\Ohjelmointi\OStudio 1\Breaker, returning: (root)
[debug]     Load.loadUnit: loadedProjectsRaw took 525.0196ms
[debug]     Load.loadUnit: cleanEvalClasses took 74.5735ms
[debug]   Load.loadUnit(file:/C:/Users/Omistaja/Documents/_OPINNOT/Ohjelmointi/OStudio%201/Breaker/, ...) took 6315.5058ms
[debug] Load.apply: load took 6347.5432ms
[debug] Load.apply: resolveProjects took 0.2815ms
[debug] Load.apply: finalTransforms took 94.4314ms
[debug] Load.apply: config.delegates took 0.7573ms
[debug] Load.apply: Def.make(settings)... took 302.4723ms
[debug] Load.apply: structureIndex took 66.28ms
[debug] Load.apply: mkStreams took 0.0043ms
[info] set current project to Breaker (in build file:/C:/Users/Omistaja/Documents/_OPINNOT/Ohjelmointi/OStudio%201/Breaker/)
[debug] > Exec(sbtPopOnFailure, None, None)
[debug] > Exec(resumeFromFailure, None, None)
[debug] > Exec(notifyUsersAboutShell, None, None)
[debug] > Exec(iflast shell, None, None)
[debug] > Exec(idea-shell, None, None)
